============================================================
 Security Suite v2.0 — Log de Execução
 Início : 2026-05-10 03:39:49
 Usuário: euriandes
 Host   : cachyos
 Log    : /home/euriandes/Documentos/Estudos/security-hardening-toolkit/src/security_suite_2026-05-10_03-39-49.log
============================================================

[2026-05-10 03:39:49] ========== Detectando distribuição ==========
[2026-05-10 03:39:49] [INFO]   Distribuição detectada: CachyOS
[2026-05-10 03:39:49] [INFO]   Família: arch

[2026-05-10 03:39:49] ========== Instalação de Pacotes ==========

[2026-05-10 03:39:49] ========== Instalando pacotes via pacman — CachyOS ==========
[2026-05-10 03:39:49] [PASSO]  Sincronizando base de dados de pacotes...
:: Sincronizando a base de dados de pacotes...
 cachyos-v3 sendo baixado...
 cachyos-core-v3 sendo baixado...
 cachyos-extra-v3 sendo baixado...
 cachyos sendo baixado...
 core sendo baixado...
 extra sendo baixado...
 multilib sendo baixado...
[2026-05-10 03:39:50] [PASSO]  Instalando pacotes principais: ufw clamav gnupg openvpn rkhunter chkrootkit firejail
atenção: ufw-0.36.2-7 está atualizado -- ignorando
nada para fazer
[2026-05-10 03:39:51] [INFO]     ✔ ufw
resolvendo dependências...
procurando pacotes conflitantes...

Pacote (3)                  Versão nova    Diferença  Tamanho do download

cachyos-extra-v3/libmilter  8.18.2-1.1      0,09 MiB             0,04 MiB
cachyos-extra-v3/libmspack  1:1.11-2.1      0,20 MiB             0,07 MiB
extra/clamav                1.5.2-2       178,64 MiB            29,70 MiB

Tamanho total download:    29,80 MiB
Tamanho total instalado:  178,93 MiB

:: Continuar a instalação? [S/n] 
:: Obtendo pacotes...
 clamav-1.5.2-2-x86_64 sendo baixado...
 libmspack-1:1.11-2.1-x86_64_v3 sendo baixado...
 libmilter-8.18.2-1.1-x86_64_v3 sendo baixado...
verificando chaveiro...
verificando integridade de pacotes...
carregando arquivos do pacote...
verificando conflitos de arquivos...
:: Executando hooks pré-transação...
(1/2) Performing snapper pre snapshots for the following configurations...
==> root: 30
(2/2) Waiting for limine-snapper-sync to finish...
:: Processando alterações do pacote...
instalando libmspack...
instalando libmilter...
instalando clamav...
:: Executando hooks pós-transação...
(1/5) Creating system user accounts...
Creating group 'clamav' with GID 64.
Creating user 'clamav' (Clam AntiVirus) with UID 64 and GID 64.
(2/5) Creating temporary files...
(3/5) Reloading system manager configuration...
(4/5) Arming ConditionNeedsUpdate...
(5/5) Performing snapper post snapshots for the following configurations...
==> root: 31
[2026-05-10 03:40:05] [INFO]     ✔ clamav
atenção: gnupg-2.4.9-1.1 está atualizado -- ignorando
nada para fazer
[2026-05-10 03:40:05] [INFO]     ✔ gnupg
atenção: openvpn-2.7.4-1.1 está atualizado -- ignorando
nada para fazer
[2026-05-10 03:40:06] [INFO]     ✔ openvpn
resolvendo dependências...
procurando pacotes conflitantes...

Pacote (1)      Versão nova    Diferença  Tamanho do download

extra/rkhunter  1.4.6-4         1,09 MiB             0,22 MiB

Tamanho total download:   0,22 MiB
Tamanho total instalado:  1,09 MiB

:: Continuar a instalação? [S/n] 
:: Obtendo pacotes...
 rkhunter-1.4.6-4-any sendo baixado...
verificando chaveiro...
verificando integridade de pacotes...
carregando arquivos do pacote...
verificando conflitos de arquivos...
:: Executando hooks pré-transação...
(1/2) Performing snapper pre snapshots for the following configurations...
==> root: 32
(2/2) Waiting for limine-snapper-sync to finish...
:: Processando alterações do pacote...
instalando rkhunter...
Dependências opcionais para rkhunter
    unhide
:: Executando hooks pós-transação...
(1/2) Arming ConditionNeedsUpdate...
(2/2) Performing snapper post snapshots for the following configurations...
==> root: 33
[2026-05-10 03:40:14] [INFO]     ✔ rkhunter
[2026-05-10 03:40:14] [AVISO]    'chkrootkit' não encontrado nos repositórios — pulando.
resolvendo dependências...
procurando pacotes conflitantes...

Pacote (3)                 Versão nova    Diferença  Tamanho do download

cachyos-extra-v3/apparmor  4.1.7-1.1       4,88 MiB             1,31 MiB
extra/python-legacy-cgi    2.6.4-2         0,18 MiB             0,04 MiB
cachyos-extra-v3/firejail  0.9.80-1.1      2,52 MiB             0,61 MiB

Tamanho total download:   1,96 MiB
Tamanho total instalado:  7,57 MiB

:: Continuar a instalação? [S/n] 
:: Obtendo pacotes...
 apparmor-4.1.7-1.1-x86_64_v3 sendo baixado...
 firejail-0.9.80-1.1-x86_64_v3 sendo baixado...
 python-legacy-cgi-2.6.4-2-any sendo baixado...
verificando chaveiro...
verificando integridade de pacotes...
carregando arquivos do pacote...
verificando conflitos de arquivos...
:: Executando hooks pré-transação...
(1/2) Performing snapper pre snapshots for the following configurations...
==> root: 34
(2/2) Waiting for limine-snapper-sync to finish...
:: Processando alterações do pacote...
instalando python-legacy-cgi...
instalando apparmor...
Dependências opcionais para apparmor
    perl: for perl bindings [instalado]
    python-gobject: for aa-notify [instalado]
    python-notify2: for aa-notify
    python-psutil: for aa-notify [instalado]
    ruby: for ruby bindings
    sqlite: for aa-notify [instalado]
    tk: for aa-notify
instalando firejail...
In order to use the apparmor integration with firejail, install the apparmor package and run as root: 'apparmor_parser -r /etc/apparmor.d/firejail-default'
Dependências opcionais para firejail
    xdg-dbus-proxy: for D-Bus filtering [instalado]
:: Executando hooks pós-transação...
(1/4) Reloading system manager configuration...
(2/4) Arming ConditionNeedsUpdate...
(3/4) Checking for old perl modules...
(4/4) Performing snapper post snapshots for the following configurations...
==> root: 35
[2026-05-10 03:40:26] [INFO]     ✔ firejail
[2026-05-10 03:40:26] [PASSO]  Tentando instalar pacotes opcionais: gufw clamtk
resolvendo dependências...
procurando pacotes conflitantes...

Pacote (9)                     Versão nova            Diferença  Tamanho do download

cachyos-extra-v3/enchant       2.8.15-2.1              0,27 MiB             0,07 MiB
cachyos-extra-v3/harfbuzz-icu  14.2.0-1.1              0,02 MiB             0,01 MiB
cachyos-extra-v3/hyphen        2.8.8-6.2               0,04 MiB             0,02 MiB
cachyos-extra-v3/libavif       1.4.1-1.1               0,94 MiB             0,33 MiB
cachyos-extra-v3/libmanette    0.2.13-2.1              0,40 MiB             0,06 MiB
cachyos-extra-v3/libyuv        r2426+464c51a03-1.1     3,08 MiB             0,55 MiB
extra/webkit2gtk-4.1           2.52.3-1              132,84 MiB            35,69 MiB
cachyos-extra-v3/woff2         1.0.2-6.1               0,19 MiB             0,06 MiB
extra/gufw                     26.04-2                 3,25 MiB             0,81 MiB

Tamanho total download:    37,60 MiB
Tamanho total instalado:  141,02 MiB

:: Continuar a instalação? [S/n] 
:: Obtendo pacotes...
 webkit2gtk-4.1-2.52.3-1-x86_64 sendo baixado...
 gufw-26.04-2-any sendo baixado...
 libyuv-r2426+464c51a03-1.1-x86_64 sendo baixado...
 libavif-1.4.1-1.1-x86_64_v3 sendo baixado...
 enchant-2.8.15-2.1-x86_64_v3 sendo baixado...
 woff2-1.0.2-6.1-x86_64_v3 sendo baixado...
 libmanette-0.2.13-2.1-x86_64_v3 sendo baixado...
 hyphen-2.8.8-6.2-x86_64_v3 sendo baixado...
 harfbuzz-icu-14.2.0-1.1-x86_64_v3 sendo baixado...
erro: falha ao obter o arquivo "libyuv-r2426+464c51a03-1.1-x86_64.pkg.tar.zst" de cdn77.cachyos.org : The requested URL returned error: 404
verificando chaveiro...
verificando integridade de pacotes...
carregando arquivos do pacote...
verificando conflitos de arquivos...
:: Executando hooks pré-transação...
(1/2) Performing snapper pre snapshots for the following configurations...
==> root: 36
(2/2) Waiting for limine-snapper-sync to finish...
:: Processando alterações do pacote...
instalando enchant...
Dependências opcionais para enchant
    aspell: for aspell based spell checking support
    hspell: for hspell based spell checking support
    hunspell: for hunspell based spell checking support
    libvoikko: for libvoikko based spell checking support
    nuspell: for nuspell based spell checking support
instalando harfbuzz-icu...
instalando hyphen...
instalando libyuv...
instalando libavif...
instalando libmanette...
instalando woff2...
instalando webkit2gtk-4.1...
Dependências opcionais para webkit2gtk-4.1
    geoclue: Geolocation support [instalado]
    gst-libav: nonfree media decoding [instalado]
    gst-plugins-bad: media decoding [instalado]
    gst-plugins-good: media decoding [instalado]
instalando gufw...
:: Executando hooks pós-transação...
(1/4) Arming ConditionNeedsUpdate...
(2/4) Updating icon theme caches...
(3/4) Updating the desktop file MIME type cache...
(4/4) Performing snapper post snapshots for the following configurations...
==> root: 37
[2026-05-10 03:40:38] [INFO]     ✔ gufw
resolvendo dependências...
:: Há 4 provedores disponíveis para cron:
:: Repositório cachyos-extra-v3
   1) cronie  2) fcron
:: Repositório extra
   3) cronie  4) fcron

Digite um número (padrão=1): 
procurando pacotes conflitantes...

Pacote (14)                                      Versão nova    Diferença  Tamanho do download

cachyos-extra-v3/cairo-perl                      1.109-6.1       1,13 MiB             0,32 MiB
cachyos-extra-v3/cronie                          1.7.2-2.1       0,27 MiB             0,11 MiB
cachyos-extra-v3/glib-perl                       1.329.4-3.1     2,03 MiB             0,69 MiB
cachyos-extra-v3/perl-cairo-gobject              1.005-5.1       0,07 MiB             0,03 MiB
cachyos-extra-v3/perl-glib-object-introspection  0.052-1.1       0,48 MiB             0,18 MiB
extra/perl-gtk3                                  0.038-5         0,08 MiB             0,03 MiB
extra/perl-io-socket-ssl                         2.098-1         0,51 MiB             0,16 MiB
extra/perl-json                                  4.11-1          0,20 MiB             0,07 MiB
cachyos-extra-v3/perl-locale-gettext             1.07-16.1       0,09 MiB             0,04 MiB
extra/perl-lwp-protocol-https                    6.15-1          0,01 MiB             0,01 MiB
cachyos-extra-v3/perl-net-ssleay                 1.96-1.1        2,49 MiB             0,73 MiB
extra/perl-text-csv                              2.06-3          0,35 MiB             0,11 MiB
cachyos-core-v3/run-parts                        5.23.2-1.1      0,05 MiB             0,03 MiB
extra/clamtk                                     6.18-1          0,75 MiB             0,18 MiB

Tamanho total download:   2,68 MiB
Tamanho total instalado:  8,50 MiB

:: Continuar a instalação? [S/n] 
:: Obtendo pacotes...
 perl-net-ssleay-1.96-1.1-x86_64_v3 sendo baixado...
 glib-perl-1.329.4-3.1-x86_64_v3 sendo baixado...
 cairo-perl-1.109-6.1-x86_64_v3 sendo baixado...
 clamtk-6.18-1-any sendo baixado...
 perl-glib-object-introspection-0.052-1.1-x86_64_v3 sendo baixado...
 perl-io-socket-ssl-2.098-1-any sendo baixado...
 cronie-1.7.2-2.1-x86_64_v3 sendo baixado...
 perl-text-csv-2.06-3-any sendo baixado...
 perl-json-4.11-1-any sendo baixado...
 perl-locale-gettext-1.07-16.1-x86_64_v3 sendo baixado...
 run-parts-5.23.2-1.1-x86_64_v3 sendo baixado...
 perl-cairo-gobject-1.005-5.1-x86_64_v3 sendo baixado...
 perl-gtk3-0.038-5-any sendo baixado...
 perl-lwp-protocol-https-6.15-1-any sendo baixado...
verificando chaveiro...
verificando integridade de pacotes...
carregando arquivos do pacote...
verificando conflitos de arquivos...
:: Executando hooks pré-transação...
(1/2) Performing snapper pre snapshots for the following configurations...
==> root: 38
(2/2) Waiting for limine-snapper-sync to finish...
:: Processando alterações do pacote...
instalando run-parts...
instalando cronie...
Dependências opcionais para cronie
    smtp-server: send job output via email
    smtp-forwarder: forward job output to email server
instalando glib-perl...
instalando cairo-perl...
instalando perl-cairo-gobject...
instalando perl-glib-object-introspection...
instalando perl-gtk3...
instalando perl-json...
instalando perl-locale-gettext...
instalando perl-net-ssleay...
instalando perl-io-socket-ssl...
instalando perl-lwp-protocol-https...
instalando perl-text-csv...
instalando clamtk...
:: Executando hooks pós-transação...
(1/5) Reloading system manager configuration...
(2/5) Arming ConditionNeedsUpdate...
(3/5) Checking for old perl modules...
(4/5) Updating the desktop file MIME type cache...
(5/5) Performing snapper post snapshots for the following configurations...
==> root: 39
[2026-05-10 03:40:47] [INFO]     ✔ clamtk
[2026-05-10 03:40:47] [INFO]   Instalação de pacotes Arch concluída.

[2026-05-10 03:40:47] ========== Configurando UFW (Firewall) ==========
[2026-05-10 03:40:47] [PASSO]  Habilitando UFW no boot...
[2026-05-10 03:40:48] [INFO]   UFW configurado para iniciar com o sistema.
[2026-05-10 03:40:48] [PASSO]  Definindo políticas padrão...
Default incoming policy changed to 'deny'
(be sure to update your rules accordingly)
Default outgoing policy changed to 'allow'
(be sure to update your rules accordingly)
[2026-05-10 03:40:51] [PASSO]  Adicionando regra SSH...
Rule added
Rule added (v6)
[2026-05-10 03:40:51] [AVISO]  Regra SSH adicionada — acesso remoto preservado.
[2026-05-10 03:40:51] [PASSO]  Ativando UFW...
Firewall is active and enabled on system startup
[2026-05-10 03:40:52] [INFO]   UFW ativado com sucesso.
[2026-05-10 03:40:52] [INFO]   Status atual do UFW:
Status: active
Logging: on (low)
Default: deny (incoming), allow (outgoing), deny (routed)
New profiles: skip

To                         Action      From
--                         ------      ----
22                         ALLOW IN    Anywhere                  
22 (v6)                    ALLOW IN    Anywhere (v6)             


[2026-05-10 03:40:52] ========== Configurando ClamAV (Antivírus) ==========
[2026-05-10 03:40:52] [PASSO]  Detectando serviço do ClamAV daemon...
[2026-05-10 03:40:52] [INFO]   Serviço daemon detectado: clamav-daemon.service
[2026-05-10 03:40:52] [PASSO]  Atualizando base de dados de vírus (freshclam)...
ClamAV update process started at Sun May 10 03:40:52 2026
daily database available for download (remote version: 27996)
Testing database: '/var/lib/clamav/tmp.3f8f2a5470/daily.cvd' ...
Database test passed.
daily.cvd updated (version: 27996, sigs: 355446, f-level: 90, builder: svc.clamav-publisher)
main database available for download (remote version: 63)
Testing database: '/var/lib/clamav/tmp.3f8f2a5470/main.cvd' ...
Database test passed.
main.cvd updated (version: 63, sigs: 3287027, f-level: 90, builder: tomjudge)
bytecode database available for download (remote version: 339)
Testing database: '/var/lib/clamav/tmp.3f8f2a5470/bytecode.cvd' ...
Database test passed.
bytecode.cvd updated (version: 339, sigs: 80, f-level: 90, builder: nrandolp)
WARNING: Clamd was NOT notified: Can't connect to clamd through /run/clamav/clamd.ctl: No such file or directory
[2026-05-10 03:41:05] [INFO]   Base de dados do ClamAV atualizada.
[2026-05-10 03:41:05] [PASSO]  Ativando serviço freshclam...
Created symlink '/etc/systemd/system/multi-user.target.wants/clamav-freshclam.service' → '/usr/lib/systemd/system/clamav-freshclam.service'.
[2026-05-10 03:41:05] [INFO]   Serviço freshclam (atualização automática) ativo.
[2026-05-10 03:41:05] [PASSO]  Ativando daemon do ClamAV (clamav-daemon)...
Created symlink '/etc/systemd/system/multi-user.target.wants/clamav-daemon.service' → '/usr/lib/systemd/system/clamav-daemon.service'.
Created symlink '/etc/systemd/system/sockets.target.wants/clamav-daemon.socket' → '/usr/lib/systemd/system/clamav-daemon.socket'.
[2026-05-10 03:41:06] [INFO]   ClamAV daemon (clamav-daemon) ativo.
[2026-05-10 03:41:06] [PASSO]  Agendando scan diário em /etc/cron.d/clamav-scan-diario...
[2026-05-10 03:41:07] [INFO]   Scan diário agendado para 02:00 → /var/log/clamav/scan_diario.log

[2026-05-10 03:41:07] ========== Configurando RKHunter + CHKRootkit ==========
[2026-05-10 03:41:07] [PASSO]  Criando wrapper temporário egrep → grep -E...
[2026-05-10 03:41:07] [INFO]   Wrapper temporário criado em /tmp/tmp.VZxNsEZN95/egrep.
[2026-05-10 03:41:07] [P[2026-05-10 03:41:37] [ERRO] Script encerrado com código de saída: 1
ASSO]  Atualizando base de dados do rkhunter...
grep: aviso: \ perdida antes de -:
grep: aviso: \ perdida antes de +:
grep: aviso: \ perdida antes de +:
grep: aviso: \ perdida antes de +:
grep: aviso: \ perdida antes de +:
grep: aviso: \ perdida antes de +:
grep: aviso: \ perdida antes de +:
grep: aviso: \ perdida antes de +:
grep: aviso: \ perdida antes de +:
grep: aviso: \ perdida antes de +:
grep: aviso: \ perdida antes de +:
grep: aviso: \ perdida antes de +:
grep: aviso: \ perdida antes de +:
grep: aviso: \ perdida antes de +:
grep: aviso: \ perdida antes de +:
grep: aviso: \ perdida antes de +:
grep: aviso: \ perdida antes de +:
grep: aviso: \ perdida antes de +:
grep: aviso: \ perdida antes de +:
grep: aviso: \ perdida antes de +:
grep: aviso: \ perdida antes de +:
grep: aviso: \ perdida antes de +:
grep: aviso: \ perdida antes de +:
grep: aviso: \ perdida antes de +:
grep: aviso: \ perdida antes de +:
grep: aviso: \ perdida antes de +:
[ Rootkit Hunter version 1.4.6 ]

Checking rkhunter data files...
  Checking file mirrors.dat[34C[ Updated ]
  Checking file programs_bad.dat[29C[ No update ]
  Checking file backdoorports.dat[28C[ No update ]
  Checking file suspscan.dat[33C[ No update ]
  Checking file i18n/cn[38C[ No update ]
  Checking file i18n/de[38C[ No update ]
  Checking file i18n/en[38C[ No update ]
  Checking file i18n/tr[38C[ No update ]
  Checking file i18n/tr.utf8[33C[ No update ]
  Checking file i18n/zh[38C[ No update ]
  Checking file i18n/zh.utf8[33C[ No update ]
  Checking file i18n/ja[38C[ No update ]
[2026-05-10 03:41:14] [AVISO]  Atualização do rkhunter retornou avisos (verifique manualmente).
grep: aviso: \ perdida antes de -:
grep: aviso: \ perdida antes de +:
grep: aviso: \ perdida antes de +:
grep: aviso: \ perdida antes de +:
grep: aviso: \ perdida antes de +:
grep: aviso: \ perdida antes de +:
grep: aviso: \ perdida antes de +:
grep: aviso: \ perdida antes de +:
grep: aviso: \ perdida antes de +:
grep: aviso: \ perdida antes de +:
grep: aviso: \ perdida antes de +:
grep: aviso: \ perdida antes de +:
grep: aviso: \ perdida antes de +:
grep: aviso: \ perdida antes de +:
grep: aviso: \ perdida antes de +:
grep: aviso: \ perdida antes de +:
grep: aviso: \ perdida antes de +:
grep: aviso: \ perdida antes de +:
grep: aviso: \ perdida antes de +:
grep: aviso: \ perdida antes de +:
grep: aviso: \ perdida antes de +:
grep: aviso: \ perdida antes de +:
grep: aviso: \ perdida antes de +:
grep: aviso: \ perdida antes de +:
grep: aviso: \ perdida antes de +:
grep: aviso: \ perdida antes de +:
[ Rootkit Hunter version 1.4.6 ]
File created: searched for 174 files, found 121
[2026-05-10 03:41:37] [INFO]   Propriedades do sistema registradas no rkhunter.
[2026-05-10 03:41:37] [INFO]   Wrapper temporário removido.
[2026-05-10 03:41:37] [PASSO]  Criando wrapper permanente egrep → grep -E em /usr/local/bin/egrep...
[2026-05-10 03:41:37] [INFO]   Wrapper permanente criado: /usr/local/bin/egrep
[2026-05-10 03:41:37] [PASSO]  Agendando scan de rootkits em /etc/cron.d/rootkit-scan-diario...
[2026-05-10 03:41:37] [AVISO]  chkrootkit não encontrado. Usando apenas rkhunter no cron.
[2026-05-10 03:41:37] [INFO]   Scan agendado: rkhunter às 03:00 → /var/log/rkhunter_diario.log

[2026-05-10 03:41:37] ========== Configurando OpenVPN ==========
[2026-05-10 03:41:37] [PASSO]  Habilitando OpenVPN no boot...
Failed to enable unit: Unit openvpn.service does not exist

[2026-05-10 03:41:37] [INFO] Log salvo em: /home/euriandes/Documentos/Estudos/security-hardening-toolkit/src/security_suite_2026-05-10_03-39-49.log
